// Jest Snapshot v1, https://goo.gl/fbAQLP

exports[`main should return readme when existed 1`] = `"Found. Redirecting to /readme/"`;

exports[`main should static works when path not found, but has 404.html 1`] = `
"<!DOCTYPE html>
<html lang=\\"en\\">
<head>
    <meta charset=\\"UTF-8\\">
    <title>404</title>
</head>
<body>

</body>
</html>
"
`;
